---
source: day_8/src/lib.rs
expression: part_2(&input)
---
.X
X.
